
Akira@MBP gomodule % go env -w GO11MODULE=on
go env -w: unknown go command variable GO11MODULE

Akira@MBP gomodule % go env -w GO111MODULE=on

Akira@MBP gomodule % go env
GO111MODULE="on"
GOARCH="amd64"
GOBIN=""
GOCACHE="/Users/Akira/Library/Caches/go-build"
GOENV="/Users/Akira/Library/Application Support/go/env"
GOEXE=""
GOFLAGS=""
GOHOSTARCH="amd64"
GOHOSTOS="darwin"
GOINSECURE=""
GOMODCACHE="/Users/Akira/go/pkg/mod"
GONOPROXY=""
GONOSUMDB=""
GOOS="darwin"
GOPATH="/Users/Akira/go"
GOPRIVATE=""
GOPROXY="https://proxy.golang.org,direct"
GOROOT="/usr/local/Cellar/go/1.16.6/libexec"
GOSUMDB="sum.golang.org"
GOTMPDIR=""
GOTOOLDIR="/usr/local/Cellar/go/1.16.6/libexec/pkg/tool/darwin_amd64"
GOVCS=""
GOVERSION="go1.16.6"
GCCGO="gccgo"
AR="ar"
CC="clang"
CXX="clang++"
CGO_ENABLED="1"
GOMOD="/dev/null"
CGO_CFLAGS="-g -O2"
CGO_CPPFLAGS=""
CGO_CXXFLAGS="-g -O2"
CGO_FFLAGS="-g -O2"
CGO_LDFLAGS="-g -O2"
PKG_CONFIG="pkg-config"
GOGCCFLAGS="-fPIC -arch x86_64 -m64 -pthread -fno-caret-diagnostics -Qunused-arguments -fmessage-length=0 -fdebug-prefix-map=/var/folders/5m/29zwdxmj52q7klt6qnkzxn_40000gp/T/go-build1006561276=/tmp/go-build -gno-record-gcc-switches -fno-common"

Akira@MBP gomodule % mkdir gomodtest && cd gomodtest

Akira@MBP gomodtest % go mod init gomodtest
go: creating new go.mod: module gomodtest

Akira@MBP gomodtest % ls
total 8
drwxr-xr-x  3 Akira  staff   96 11 13 17:42 ./
drwxr-xr-x  6 Akira  staff  192 11 13 17:42 ../
-rw-r--r--  1 Akira  staff   26 11 13 17:42 go.mod

Akira@MBP gomodtest % cat go.mod
module gomodtest

go 1.16

Akira@MBP gomodtest % go get -u go.uber.org/zap
go: downloading go.uber.org/zap v1.19.1
go: downloading go.uber.org/atomic v1.7.0
go: downloading go.uber.org/multierr v1.6.0
go: downloading go.uber.org/multierr v1.7.0
go: downloading go.uber.org/atomic v1.9.0
go get: added go.uber.org/atomic v1.9.0
go get: added go.uber.org/multierr v1.7.0
go get: added go.uber.org/zap v1.19.1

Akira@MBP gomodtest % cat go.mod
module gomodtest

go 1.16

require (
	go.uber.org/atomic v1.9.0 // indirect
	go.uber.org/multierr v1.7.0 // indirect
	go.uber.org/zap v1.19.1 // indirect
)

Akira@MBP gomodtest % ls ~/go/pkg/mod/
total 16
drwxr-xr-x  11 Akira  staff   352 11 13 17:43 ./
drwxr-xr-x   5 Akira  staff   160 11  7 00:57 ../
-rw-r--r--@  1 Akira  staff  6148 11  7 00:58 .DS_Store
drwxr-xr-x   4 Akira  staff   128  8 27 13:15 cache/
drwxr-xr-x  32 Akira  staff  1024 11  7 00:58 github.com/
dr-xr-xr-x  19 Akira  staff   608  8 27 13:28 go.starlark.net@v0.0.0-20200821142938-949cc6f4b097/
drwxr-xr-x   7 Akira  staff   224 11 13 17:43 go.uber.org/
drwxr-xr-x   3 Akira  staff    96  8 27 13:15 golang.org/
drwxr-xr-x   3 Akira  staff    96  8 27 13:28 gopkg.in/
drwxr-xr-x   3 Akira  staff    96  8 27 13:15 honnef.co/
drwxr-xr-x   4 Akira  staff   128  8 27 13:15 mvdan.cc/

Akira@MBP gomodtest % ls ~/go/pkg/mod/go.uber.org/
total 0
drwxr-xr-x   7 Akira  staff   224 11 13 17:43 ./
drwxr-xr-x  11 Akira  staff   352 11 13 17:43 ../
dr-xr-xr-x  45 Akira  staff  1440 11 13 17:43 atomic@v1.7.0/
dr-xr-xr-x  51 Akira  staff  1632 11 13 17:43 atomic@v1.9.0/
dr-xr-xr-x  18 Akira  staff   576 11 13 17:43 multierr@v1.6.0/
dr-xr-xr-x  18 Akira  staff   576 11 13 17:43 multierr@v1.7.0/
dr-xr-xr-x  64 Akira  staff  2048 11 13 17:43 zap@v1.19.1/

Akira@MBP gomodtest % date
2021年 11月13日 土曜日 17時45分07秒 JST

Akira@MBP gomodtest % ls
total 24
drwxr-xr-x  4 Akira  staff   128 11 13 17:43 ./
drwxr-xr-x  6 Akira  staff   192 11 13 17:42 ../
-rw-r--r--  1 Akira  staff   156 11 13 17:43 go.mod
-rw-r--r--  1 Akira  staff  4888 11 13 17:43 go.sum

Akira@MBP gomodtest % head go.sum
github.com/benbjohnson/clock v1.1.0/go.mod h1:J11/hYXuz8f4ySSvYwY0FKfm+ezbsZBKZxNJlLklBHA=
github.com/davecgh/go-spew v1.1.0/go.mod h1:J7Y8YcW2NihsgmVo/mv3lAwl/skON4iLHjSsI+c5H38=
github.com/davecgh/go-spew v1.1.1/go.mod h1:J7Y8YcW2NihsgmVo/mv3lAwl/skON4iLHjSsI+c5H38=
github.com/kr/pretty v0.1.0/go.mod h1:dAy3ld7l9f0ibDNOQOHHMYYIIbhfbHSm3C4ZsoJORNo=
github.com/kr/pty v1.1.1/go.mod h1:pFQYn66WHrOpPYNljwOMqo10TkYh1fy3cYio2l3bCsQ=
github.com/kr/text v0.1.0/go.mod h1:4Jbv+DJW3UT/LiOwJeYQe1efqtUx/iVham/4vfdArNI=
github.com/pkg/errors v0.8.1/go.mod h1:bwawxfHBFNV+L2hUp1rHADufV3IMtnDRdf1r5NINEl0=
github.com/pmezard/go-difflib v1.0.0/go.mod h1:iKH77koFhYxTK1pcRnkKkqfTogsbg7gZNVY4sRDYZ/4=
github.com/stretchr/objx v0.1.0/go.mod h1:HFkY916IF+rwdDfMAkV7OtwuqBVzrE8GR6GFx+wExME=
github.com/stretchr/testify v1.3.0/go.mod h1:M5WIy9Dh21IEIfnGCwXGc5bZfKNJtfHm1UVUgZn+9EI=

Akira@MBP gomodtest % go mod tidy    <=========ここでgo.sumが空になったらしい。
go: warning: "all" matched no packages

Akira@MBP gomodtest % cat main.go
package main

import "go.uber.org/zap"

func main() {
	logger, _ := zap.NewProduction()
	logger.Warn("warning test")
}

Akira@MBP gomodtest % go build
main.go:3:8: no required module provides package go.uber.org/zap; to add it:
	go get go.uber.org/zap

Akira@MBP gomodtest % 

Akira@MBP gomodtest % 

Akira@MBP gomodtest % 

Akira@MBP gomodtest % 

Akira@MBP gomodtest % ls
total 16
drwxr-xr-x  5 Akira  staff  160 11 13 17:51 ./
drwxr-xr-x  6 Akira  staff  192 11 13 17:42 ../
-rw-r--r--  1 Akira  staff   26 11 13 17:49 go.mod
-rw-r--r--  1 Akira  staff    0 11 13 17:49 go.sum
-rw-r--r--  1 Akira  staff  119 11 13 17:51 main.go

Akira@MBP gomodtest %

